// Jest Snapshot v1, https://goo.gl/fbAQLP

exports[`App Should match snapshot 1`] = `"<div class=\\"app-light\\"><header class=\\"header\\"><h1>REACT TIMER</h1><button>ðŸŒž</button></header><div class=\\"Main\\"><div class=\\"timer\\"><p class=\\"timer__tablo\\">00:00:00</p><div class=\\"timer__controll-set\\"><input type=\\"text\\" value=\\"\\" placeholder=\\"Enter time in sec\\"/><button disabled=\\"\\">Set</button></div><div class=\\"timer__controll-operations\\"><button disabled=\\"\\">Stop</button><button disabled=\\"\\">Start</button><button disabled=\\"\\">Reset</button></div><div class=\\"notification-container notification-container-empty\\"><div></div></div></div></div></div>"`;
